[
["AP", "Hyderabad"],
["AR", "Itanagar"],
["AS", "Dispur"],
["BR", "Patna"],
["CT", "Raipur"],
["GA", "Panaji"],
["GJ", "Gandhinagar"],
["HR", "Chandigarh"],
["HP", "Shimla"],
["JK", "Srinagar"],
["JH", "Ranchi"],
["KA", "Bangalore"],
["KL", "Thiruvananthapuram"],
["MP", "Bhopal"],
["MH", "Mumbai"],
["MN", "Imphal"],
["ML", "Shillong"],
["MZ", "Aizawl"],
["NL", "Kohima"],
["OD", "Bhubaneshwar"],
["PB", "Chandigarh"],
["RJ", "Jaipur"],
["SK", "Gangtok"],
["TN", "Chennai"],
["TS", "Hyderabad"],
["TR", "Agartala"],
["UP", "Lucknow"],
["UT", "Dehra Dun"],
["WB", "Kolkata"],
["Andhra Pradesh", "Hyderabad"],
["Arunachal Pradesh", "Itanagar"],
["Assam", "Dispur"],
["Bihar", "Patna"],
["Chattisgarh", "Raipur"],
["Goa", "Panaji"],
["Gujarat", "Gandhinagar"],
["Haryana", "Chandigarh"],
["Himachal Pradesh", "Shimla"],
["Jammu and Kashmir", "Srinagar"],
["Jharkhand", "Ranchi"],
["Karnataka", "Bangalore"],
["Kerala", "Thiruvananthapuram"],
["Madhya Pradesh", "Bhopal"],
["Maharashtra", "Mumbai"],
["Manipal", "Imphal"],
["Meghalaya", "Shillong"],
["Mizoram", "Aizawl"],
["Nagaland", "Kohima"],
["Odisha", "Bhubaneshwar"],
["Punjab", "Chandigarh"],
["Rajasthan", "Jaipur"],
["Sikkim", "Gangtok"],
["Tamilnadu", "Chennai"],
["Telangana", "Hyderabad"],
["Tripura", "Agartala"],
["Uttar Pradesh", "Lucknow"],
["Uttarakhand", "Dehra Dun"],
["West Bengal", "Kolkata"],
["fooz", "barz"]
]
