[
["AP", "Hyderabad"],
["AR", "Itanagar"],
["AS", "Guwahati"],
["BR", "Patna"],
["CT", "Raipur"],
["GA", "Vasco da Gama"],
["GJ", "Ahmedabad"],
["HR", "Faridabad"],
["HP", "Shimla"],
["JK", "Srinagar"],
["JH", "Jamshedpur"],
["KA", "Bangalore"],
["KL", "Kochi"],
["MP", "Indore"],
["MH", "Mumbai"],
["MN", "Imphal"],
["ML", "Shillong"],
["MZ", "Aizawl"],
["NL", "Dimapur"],
["OD", "Bhubaneshwar"],
["PB", "Ludhiana"],
["RJ", "Jaipur"],
["SK", "Gangtok"],
["TN", "Chennai"],
["TS", "Hyderabad"],
["TR", "Agartala"],
["UP", "Kanpur"],
["UT", "Dehra Dun"],
["WB", "Kolkata"],
["Andhra Pradesh", "Hyderabad"],
["Arunachal Pradesh", "Itanagar"],
["Assam", "Guwahati"],
["Bihar", "Patna"],
["Chattisgarh", "Raipur"],
["Goa", "Vasco da Gama"],
["Gujarat", "Ahmedabad"],
["Haryana", "Faridabad"],
["Himachal Pradesh", "Shimla"],
["Jammu and Kashmir", "Srinagar"],
["Jharkhand", "Jamshedpur"],
["Karnataka", "Bangalore"],
["Kerala", "Kochi"],
["Madhya Pradesh", "Indore"],
["Maharashtra", "Mumbai"],
["Manipal", "Imphal"],
["Meghalaya", "Shillong"],
["Mizoram", "Aizawl"],
["Nagaland", "Dimapur"],
["Odisha", "Bhubaneshwar"],
["Punjab", "Ludhiana"],
["Rajasthan", "Jaipur"],
["Sikkim", "Gangtok"],
["Tamilnadu", "Chennai"],
["Telangana", "Hyderabad"],
["Tripura", "Agartala"],
["Uttar Pradesh", "Kanpur"],
["Uttarakhand", "Dehra Dun"],
["West Bengal", "Kolkata"],
["fooz", "barz"]
]
